Option Set with K: 1300
Spot Price Set to: 1300
(DeltaX,DeltaTau) = (0.0215104,0.00125628)

63.6692

Option Set with K: 1300
Spot Price Set to: 1300
(DeltaX,DeltaTau) = (0.0215104,0.00125628)

63.6389

