1 1 0 0 0 0 0 0 0 0 
1 2 4 0 0 0 0 0 0 0 
0 4 3 9 0 0 0 0 0 0 
0 0 9 4 16 0 0 0 0 0 
0 0 0 16 5 25 0 0 0 0 
0 0 0 0 25 6 36 0 0 0 
0 0 0 0 0 36 7 49 0 0 
0 0 0 0 0 0 49 8 64 0 
0 0 0 0 0 0 0 64 9 81 
0 0 0 0 0 0 0 0 81 10 

0.36802
0.63198
0.0920049
0.0217849
0.192801
0.147497
0.00819418
0.0333211
0.114561
0.0720543
