GRID SIZE (201,200).  Computed Premium: 114.827
GRID SIZE (201,400).  Computed Premium: 114.795
GRID SIZE (201,800).  Computed Premium: 114.78
GRID SIZE (201,1600).  Computed Premium: 114.772
GRID SIZE (201,3200).  Computed Premium: 114.768
