1083.5 1 1 1 1 1 1 1 1 1 
1038.54 0 0 0 0 0 0 0 0 0 
984.246 0 0 0 0 0 0 0 0 0 
918.675 0 0 0 0 0 0 0 0 0 
839.488 0 0 0 0 0 0 0 0 0 
743.856 0 0 0 0 0 0 0 0 0 
628.366 0 0 0 0 0 0 0 0 0 
488.892 0 0 0 0 0 0 0 0 0 
320.455 0 0 0 0 0 0 0 0 0 
117.039 0 0 0 0 0 0 0 0 0 
0 0 0 0 0 0 0 0 0 0 
0 0 0 0 0 0 0 0 0 0 
0 0 0 0 0 0 0 0 0 0 
0 0 0 0 0 0 0 0 0 0 
0 0 0 0 0 0 0 0 0 0 
0 0 0 0 0 0 0 0 0 0 
0 0 0 0 0 0 0 0 0 0 
0 0 0 0 0 0 0 0 0 0 
0 0 0 0 0 0 0 0 0 0 
0 1 1 1 1 1 1 1 1 1 
