Option Set with K: 1300

Space Domain: (634.672 , 2662.79)

Spot Price Set to: 1300

64.167


Option Set with K: 1300

Space Domain: (443.457 , 3810.96)

Spot Price Set to: 1300

63.6065


Option Set with K: 1300

Space Domain: (309.852 , 5454.21)

Spot Price Set to: 1300

64.4852


Option Set with K: 1300

Space Domain: (216.5 , 7806.01)

Spot Price Set to: 1300

67.4833


Option Set with K: 1300

Space Domain: (151.273 , 11171.9)

Spot Price Set to: 1300

72.3937


Option Set with K: 1300

Space Domain: (105.697 , 15989.1)

Spot Price Set to: 1300

78.8656


Option Set with K: 1300

Space Domain: (73.8526 , 22883.4)

Spot Price Set to: 1300

86.5638


