Option Set with K: 1300

DeltaTau =0.00510204
Space Domain: (634.672 , 2662.79) :: DeltaX = 0.0143402

Spot Price Set to: 1300

Option Set with K: 1300

DeltaTau =0.00252525
Space Domain: (634.672 , 2662.79) :: DeltaX = 0.0143402

Spot Price Set to: 1300

Option Set with K: 1300

DeltaTau =0.00100402
Space Domain: (634.672 , 2662.79) :: DeltaX = 0.0143402

Spot Price Set to: 1300

Option Set with K: 1300

DeltaTau =0.000501002
Space Domain: (634.672 , 2662.79) :: DeltaX = 0.0143402

Spot Price Set to: 1300

Option Set with K: 1300

DeltaTau =0.00510204
Space Domain: (443.457 , 3810.96) :: DeltaX = 0.0215104

Spot Price Set to: 1300

Option Set with K: 1300

DeltaTau =0.00252525
Space Domain: (443.457 , 3810.96) :: DeltaX = 0.0215104

Spot Price Set to: 1300

Option Set with K: 1300

DeltaTau =0.00100402
Space Domain: (443.457 , 3810.96) :: DeltaX = 0.0215104

Spot Price Set to: 1300

Option Set with K: 1300

DeltaTau =0.000501002
Space Domain: (443.457 , 3810.96) :: DeltaX = 0.0215104

Spot Price Set to: 1300

Option Set with K: 1300

DeltaTau =0.00510204
Space Domain: (309.852 , 5454.21) :: DeltaX = 0.0286805

Spot Price Set to: 1300

Option Set with K: 1300

DeltaTau =0.00252525
Space Domain: (309.852 , 5454.21) :: DeltaX = 0.0286805

Spot Price Set to: 1300

Option Set with K: 1300

DeltaTau =0.00100402
Space Domain: (309.852 , 5454.21) :: DeltaX = 0.0286805

Spot Price Set to: 1300

Option Set with K: 1300

DeltaTau =0.000501002
Space Domain: (309.852 , 5454.21) :: DeltaX = 0.0286805

Spot Price Set to: 1300

Option Set with K: 1300

DeltaTau =0.00510204
Space Domain: (216.5 , 7806.01) :: DeltaX = 0.0358506

Spot Price Set to: 1300

Option Set with K: 1300

DeltaTau =0.00252525
Space Domain: (216.5 , 7806.01) :: DeltaX = 0.0358506

Spot Price Set to: 1300

Option Set with K: 1300

DeltaTau =0.00100402
Space Domain: (216.5 , 7806.01) :: DeltaX = 0.0358506

Spot Price Set to: 1300

Option Set with K: 1300

DeltaTau =0.000501002
Space Domain: (216.5 , 7806.01) :: DeltaX = 0.0358506

Spot Price Set to: 1300

Option Set with K: 1300

DeltaTau =0.00510204
Space Domain: (151.273 , 11171.9) :: DeltaX = 0.0430207

Spot Price Set to: 1300

Option Set with K: 1300

DeltaTau =0.00252525
Space Domain: (151.273 , 11171.9) :: DeltaX = 0.0430207

Spot Price Set to: 1300

Option Set with K: 1300

DeltaTau =0.00100402
Space Domain: (151.273 , 11171.9) :: DeltaX = 0.0430207

Spot Price Set to: 1300

Option Set with K: 1300

DeltaTau =0.000501002
Space Domain: (151.273 , 11171.9) :: DeltaX = 0.0430207

Spot Price Set to: 1300

64.2211 64.167 64.1357 64.1254 
63.6827 63.6065 63.5616 63.5467 
64.5718 64.4852 64.434 64.417 
67.5745 67.4833 67.4294 67.4116 
72.4877 72.3937 72.3384 72.3201 
