Option Set with K: 1300
Spot Price Set to: 1300
(DeltaX,DeltaTau) = (0.0358506,0.00252525)

62.4487


Option Set with K: 1300
Spot Price Set to: 1300
(DeltaX,DeltaTau) = (0.0358506,0.000501002)

62.3877


Option Set with K: 1300
Spot Price Set to: 1300
(DeltaX,DeltaTau) = (0.0358506,0.000125063)

62.3764


